Testing 2 devices

Backend 1/2: ROCm0
  Device description: AMD Radeon AI PRO R9700 (gfx1201)
  Device memory: 32624 MB (32472 MB free)

  FLASH_ATTN_EXT(name=fa_q8_kv20480_nb1,type=f32,ne=[256,24,1,1],op_params=[0:1031798784,3:10],sources=f32[256,1,24,1]nb[4,24576,1024,24576],q8_0[256,20480,4,1]nb[34,1088,272,22282240],q8_0[256,20480,4,1]nb[34,1088,272,22282240],f16[20480,1,1,1]):                 6160 runs -   172.43 us/run -    43608 kB/run - [1;34m 241.18 GB/s[0m
  FLASH_ATTN_EXT(name=fa_q8_kv20480_nb2,type=f32,ne=[256,24,2,1],op_params=[0:1031798784,3:10],sources=f32[256,2,24,1]nb[4,24576,1024,49152],q8_0[256,20480,4,1]nb[34,1088,272,22282240],q8_0[256,20480,4,1]nb[34,1088,272,22282240],f16[20480,2,1,1]):                 3840 runs -   268.97 us/run -    43696 kB/run - [1;34m 154.93 GB/s[0m
  FLASH_ATTN_EXT(name=fa_q8_kv20480_nb3,type=f32,ne=[256,24,3,1],op_params=[0:1031798784,3:10],sources=f32[256,3,24,1]nb[4,24576,1024,73728],q8_0[256,20480,4,1]nb[34,1088,272,22282240],q8_0[256,20480,4,1]nb[34,1088,272,22282240],f16[20480,3,1,1]):                 3068 runs -   387.81 us/run -    43784 kB/run - [1;34m 107.67 GB/s[0m
  FLASH_ATTN_EXT(name=fa_f16_kv20480_nb1,type=f32,ne=[256,24,1,1],op_params=[0:1031798784,3:10],sources=f32[256,1,24,1]nb[4,24576,1024,24576],f16[256,20480,4,1]nb[2,2048,512,41943040],f16[256,20480,4,1]nb[2,2048,512,41943040],f16[20480,1,1,1]):                    7380 runs -   141.22 us/run -    82008 kB/run - [1;34m 553.83 GB/s[0m
  FLASH_ATTN_EXT(name=fa_q8_kv51200_nb1,type=f32,ne=[256,24,1,1],op_params=[0:1031798784,3:10],sources=f32[256,1,24,1]nb[4,24576,1024,24576],q8_0[256,51200,4,1]nb[34,1088,272,55705600],q8_0[256,51200,4,1]nb[34,1088,272,55705600],f16[51200,1,1,1]):                 2772 runs -   399.64 us/run -   108948 kB/run - [1;34m 259.99 GB/s[0m
  FLASH_ATTN_EXT(name=fa_q8_kv51200_nb2,type=f32,ne=[256,24,2,1],op_params=[0:1031798784,3:10],sources=f32[256,2,24,1]nb[4,24576,1024,49152],q8_0[256,51200,4,1]nb[34,1088,272,55705600],q8_0[256,51200,4,1]nb[34,1088,272,55705600],f16[51200,2,1,1]):                 1540 runs -   702.65 us/run -   109096 kB/run - [1;34m 148.07 GB/s[0m
  FLASH_ATTN_EXT(name=fa_q8_kv51200_nb3,type=f32,ne=[256,24,3,1],op_params=[0:1031798784,3:10],sources=f32[256,3,24,1]nb[4,24576,1024,73728],q8_0[256,51200,4,1]nb[34,1088,272,55705600],q8_0[256,51200,4,1]nb[34,1088,272,55705600],f16[51200,3,1,1]):                 1232 runs -  1008.63 us/run -   109244 kB/run - [1;34m 103.29 GB/s[0m
  FLASH_ATTN_EXT(name=fa_f16_kv51200_nb1,type=f32,ne=[256,24,1,1],op_params=[0:1031798784,3:10],sources=f32[256,1,24,1]nb[4,24576,1024,24576],f16[256,51200,4,1]nb[2,2048,512,104857600],f16[256,51200,4,1]nb[2,2048,512,104857600],f16[51200,1,1,1]):                  2952 runs -   341.53 us/run -   204948 kB/run - [1;34m 572.28 GB/s[0m
  FLASH_ATTN_EXT(name=fa_q8_kv102400_nb1,type=f32,ne=[256,24,1,1],op_params=[0:1031798784,3:10],sources=f32[256,1,24,1]nb[4,24576,1024,24576],q8_0[256,102400,4,1]nb[34,1088,272,111411200],q8_0[256,102400,4,1]nb[34,1088,272,111411200],f16[102400,1,1,1]):                   1240 runs -   807.58 us/run -   217848 kB/run - [1;34m 257.26 GB/s[0m
  FLASH_ATTN_EXT(name=fa_q8_kv102400_nb2,type=f32,ne=[256,24,2,1],op_params=[0:1031798784,3:10],sources=f32[256,2,24,1]nb[4,24576,1024,49152],q8_0[256,102400,4,1]nb[34,1088,272,111411200],q8_0[256,102400,4,1]nb[34,1088,272,111411200],f16[102400,2,1,1]):                    770 runs -  1438.78 us/run -   218096 kB/run - [1;34m 144.56 GB/s[0m
  FLASH_ATTN_EXT(name=fa_q8_kv102400_nb3,type=f32,ne=[256,24,3,1],op_params=[0:1031798784,3:10],sources=f32[256,3,24,1]nb[4,24576,1024,73728],q8_0[256,102400,4,1]nb[34,1088,272,111411200],q8_0[256,102400,4,1]nb[34,1088,272,111411200],f16[102400,3,1,1]):                    616 runs -  2063.87 us/run -   218344 kB/run - [1;34m 100.89 GB/s[0m
  FLASH_ATTN_EXT(name=fa_f16_kv102400_nb1,type=f32,ne=[256,24,1,1],op_params=[0:1031798784,3:10],sources=f32[256,1,24,1]nb[4,24576,1024,24576],f16[256,102400,4,1]nb[2,2048,512,209715200],f16[256,102400,4,1]nb[2,2048,512,209715200],f16[102400,1,1,1]):              1476 runs -   682.28 us/run -   409848 kB/run - [1;34m 572.88 GB/s[0m
  FLASH_ATTN_EXT(name=fa_q8_kv204800_nb1,type=f32,ne=[256,24,1,1],op_params=[0:1031798784,3:10],sources=f32[256,1,24,1]nb[4,24576,1024,24576],q8_0[256,204800,4,1]nb[34,1088,272,222822400],q8_0[256,204800,4,1]nb[34,1088,272,222822400],f16[204800,1,1,1]):                    624 runs -  1681.93 us/run -   435648 kB/run - [1;34m 247.02 GB/s[0m
  FLASH_ATTN_EXT(name=fa_q8_kv204800_nb2,type=f32,ne=[256,24,2,1],op_params=[0:1031798784,3:10],sources=f32[256,2,24,1]nb[4,24576,1024,49152],q8_0[256,204800,4,1]nb[34,1088,272,222822400],q8_0[256,204800,4,1]nb[34,1088,272,222822400],f16[204800,2,1,1]):                    385 runs -  3029.01 us/run -   436096 kB/run - [1;34m 137.30 GB/s[0m
  FLASH_ATTN_EXT(name=fa_q8_kv204800_nb3,type=f32,ne=[256,24,3,1],op_params=[0:1031798784,3:10],sources=f32[256,3,24,1]nb[4,24576,1024,73728],q8_0[256,204800,4,1]nb[34,1088,272,222822400],q8_0[256,204800,4,1]nb[34,1088,272,222822400],f16[204800,3,1,1]):                    231 runs -  4355.88 us/run -   436544 kB/run - [1;34m  95.58 GB/s[0m
  FLASH_ATTN_EXT(name=fa_f16_kv204800_nb1,type=f32,ne=[256,24,1,1],op_params=[0:1031798784,3:10],sources=f32[256,1,24,1]nb[4,24576,1024,24576],f16[256,204800,4,1]nb[2,2048,512,419430400],f16[256,204800,4,1]nb[2,2048,512,419430400],f16[204800,1,1,1]):               779 runs -  1331.31 us/run -   819648 kB/run - [1;34m 587.15 GB/s[0m
  Backend ROCm0: [1;32mOK[0m
Backend 2/2: CPU
  Skipping
2/2 backends passed
[1;32mOK[0m
