Testing 2 devices

Backend 1/2: ROCm0
  Device description: AMD Radeon AI PRO R9700 (gfx1201)
  Device memory: 32624 MB (32472 MB free)

  FLASH_ATTN_EXT(name=fa_q8_kv20480_nb1,type=f32,ne=[256,24,1,1],op_params=[0:1031798784,3:10],sources=f32[256,1,24,1]nb[4,24576,1024,24576],q8_0[256,20480,4,1]nb[34,1088,272,22282240],q8_0[256,20480,4,1]nb[34,1088,272,22282240],f16[20480,1,1,1]):                 4620 runs -   220.70 us/run -    43608 kB/run - [1;34m 188.43 GB/s[0m
  FLASH_ATTN_EXT(name=fa_q8_kv20480_nb2,type=f32,ne=[256,24,2,1],op_params=[0:1031798784,3:10],sources=f32[256,2,24,1]nb[4,24576,1024,49152],q8_0[256,20480,4,1]nb[34,1088,272,22282240],q8_0[256,20480,4,1]nb[34,1088,272,22282240],f16[20480,2,1,1]):                 6144 runs -   183.17 us/run -    43696 kB/run - [1;34m 227.51 GB/s[0m
  FLASH_ATTN_EXT(name=fa_q8_kv20480_nb3,type=f32,ne=[256,24,3,1],op_params=[0:1031798784,3:10],sources=f32[256,3,24,1]nb[4,24576,1024,73728],q8_0[256,20480,4,1]nb[34,1088,272,22282240],q8_0[256,20480,4,1]nb[34,1088,272,22282240],f16[20480,3,1,1]):                 5369 runs -   189.42 us/run -    43784 kB/run - [1;34m 220.44 GB/s[0m
  FLASH_ATTN_EXT(name=fa_f16_kv20480_nb1,type=f32,ne=[256,24,1,1],op_params=[0:1031798784,3:10],sources=f32[256,1,24,1]nb[4,24576,1024,24576],f16[256,20480,4,1]nb[2,2048,512,41943040],f16[256,20480,4,1]nb[2,2048,512,41943040],f16[20480,1,1,1]):                    7380 runs -   140.73 us/run -    82008 kB/run - [1;34m 555.75 GB/s[0m
  FLASH_ATTN_EXT(name=fa_q8_kv51200_nb1,type=f32,ne=[256,24,1,1],op_params=[0:1031798784,3:10],sources=f32[256,1,24,1]nb[4,24576,1024,24576],q8_0[256,51200,4,1]nb[34,1088,272,55705600],q8_0[256,51200,4,1]nb[34,1088,272,55705600],f16[51200,1,1,1]):                 2464 runs -   444.29 us/run -   108948 kB/run - [1;34m 233.86 GB/s[0m
  FLASH_ATTN_EXT(name=fa_q8_kv51200_nb2,type=f32,ne=[256,24,2,1],op_params=[0:1031798784,3:10],sources=f32[256,2,24,1]nb[4,24576,1024,49152],q8_0[256,51200,4,1]nb[34,1088,272,55705600],q8_0[256,51200,4,1]nb[34,1088,272,55705600],f16[51200,2,1,1]):                 2464 runs -   434.36 us/run -   109096 kB/run - [1;34m 239.53 GB/s[0m
  FLASH_ATTN_EXT(name=fa_q8_kv51200_nb3,type=f32,ne=[256,24,3,1],op_params=[0:1031798784,3:10],sources=f32[256,3,24,1]nb[4,24576,1024,73728],q8_0[256,51200,4,1]nb[34,1088,272,55705600],q8_0[256,51200,4,1]nb[34,1088,272,55705600],f16[51200,3,1,1]):                 2156 runs -   464.88 us/run -   109244 kB/run - [1;34m 224.11 GB/s[0m
  FLASH_ATTN_EXT(name=fa_f16_kv51200_nb1,type=f32,ne=[256,24,1,1],op_params=[0:1031798784,3:10],sources=f32[256,1,24,1]nb[4,24576,1024,24576],f16[256,51200,4,1]nb[2,2048,512,104857600],f16[256,51200,4,1]nb[2,2048,512,104857600],f16[51200,1,1,1]):                  2952 runs -   342.36 us/run -   204948 kB/run - [1;34m 570.90 GB/s[0m
  FLASH_ATTN_EXT(name=fa_q8_kv102400_nb1,type=f32,ne=[256,24,1,1],op_params=[0:1031798784,3:10],sources=f32[256,1,24,1]nb[4,24576,1024,24576],q8_0[256,102400,4,1]nb[34,1088,272,111411200],q8_0[256,102400,4,1]nb[34,1088,272,111411200],f16[102400,1,1,1]):                   1240 runs -   887.39 us/run -   217848 kB/run - [1;34m 234.12 GB/s[0m
  FLASH_ATTN_EXT(name=fa_q8_kv102400_nb2,type=f32,ne=[256,24,2,1],op_params=[0:1031798784,3:10],sources=f32[256,2,24,1]nb[4,24576,1024,49152],q8_0[256,102400,4,1]nb[34,1088,272,111411200],q8_0[256,102400,4,1]nb[34,1088,272,111411200],f16[102400,2,1,1]):                   1232 runs -   900.45 us/run -   218096 kB/run - [1;34m 230.99 GB/s[0m
  FLASH_ATTN_EXT(name=fa_q8_kv102400_nb3,type=f32,ne=[256,24,3,1],op_params=[0:1031798784,3:10],sources=f32[256,3,24,1]nb[4,24576,1024,73728],q8_0[256,102400,4,1]nb[34,1088,272,111411200],q8_0[256,102400,4,1]nb[34,1088,272,111411200],f16[102400,3,1,1]):                   1078 runs -   930.45 us/run -   218344 kB/run - [1;34m 223.80 GB/s[0m
  FLASH_ATTN_EXT(name=fa_f16_kv102400_nb1,type=f32,ne=[256,24,1,1],op_params=[0:1031798784,3:10],sources=f32[256,1,24,1]nb[4,24576,1024,24576],f16[256,102400,4,1]nb[2,2048,512,209715200],f16[256,102400,4,1]nb[2,2048,512,209715200],f16[102400,1,1,1]):              1558 runs -   674.24 us/run -   409848 kB/run - [1;34m 579.71 GB/s[0m
  FLASH_ATTN_EXT(name=fa_q8_kv204800_nb1,type=f32,ne=[256,24,1,1],op_params=[0:1031798784,3:10],sources=f32[256,1,24,1]nb[4,24576,1024,24576],q8_0[256,204800,4,1]nb[34,1088,272,222822400],q8_0[256,204800,4,1]nb[34,1088,272,222822400],f16[204800,1,1,1]):                    624 runs -  1704.70 us/run -   435648 kB/run - [1;34m 243.72 GB/s[0m
  FLASH_ATTN_EXT(name=fa_q8_kv204800_nb2,type=f32,ne=[256,24,2,1],op_params=[0:1031798784,3:10],sources=f32[256,2,24,1]nb[4,24576,1024,49152],q8_0[256,204800,4,1]nb[34,1088,272,222822400],q8_0[256,204800,4,1]nb[34,1088,272,222822400],f16[204800,2,1,1]):                    539 runs -  2030.98 us/run -   436096 kB/run - [1;34m 204.77 GB/s[0m
  FLASH_ATTN_EXT(name=fa_q8_kv204800_nb3,type=f32,ne=[256,24,3,1],op_params=[0:1031798784,3:10],sources=f32[256,3,24,1]nb[4,24576,1024,73728],q8_0[256,204800,4,1]nb[34,1088,272,222822400],q8_0[256,204800,4,1]nb[34,1088,272,222822400],f16[204800,3,1,1]):                    539 runs -  1885.50 us/run -   436544 kB/run - [1;34m 220.80 GB/s[0m
  FLASH_ATTN_EXT(name=fa_f16_kv204800_nb1,type=f32,ne=[256,24,1,1],op_params=[0:1031798784,3:10],sources=f32[256,1,24,1]nb[4,24576,1024,24576],f16[256,204800,4,1]nb[2,2048,512,419430400],f16[256,204800,4,1]nb[2,2048,512,419430400],f16[204800,1,1,1]):               779 runs -  1335.93 us/run -   819648 kB/run - [1;34m 585.12 GB/s[0m
  Backend ROCm0: [1;32mOK[0m
Backend 2/2: CPU
  Skipping
2/2 backends passed
[1;32mOK[0m
