Testing 3 devices

Backend 1/3: Vulkan0
  Skipping
Backend 2/3: Vulkan1
  Device description: AMD Radeon AI PRO R9700
  Device memory: 32624 MB (31694 MB free)

  FLASH_ATTN_EXT(name=fa_q8_kv20480_nb1,type=f32,ne=[256,24,1,1],op_params=[0:1031798784,3:10],sources=f32[256,1,24,1]nb[4,24576,1024,24576],q8_0[256,20480,4,1]nb[34,1088,272,22282240],q8_0[256,20480,4,1]nb[34,1088,272,22282240],f16[20480,1,1,1]):                 9240 runs -   114.88 us/run -    43608 kB/run - [1;34m 362.02 GB/s[0m
  FLASH_ATTN_EXT(name=fa_q8_kv20480_nb2,type=f32,ne=[256,24,2,1],op_params=[0:1031798784,3:10],sources=f32[256,2,24,1]nb[4,24576,1024,49152],q8_0[256,20480,4,1]nb[34,1088,272,22282240],q8_0[256,20480,4,1]nb[34,1088,272,22282240],f16[20480,2,1,1]):                 6144 runs -   172.41 us/run -    43696 kB/run - [1;34m 241.71 GB/s[0m
  FLASH_ATTN_EXT(name=fa_q8_kv20480_nb3,type=f32,ne=[256,24,3,1],op_params=[0:1031798784,3:10],sources=f32[256,3,24,1]nb[4,24576,1024,73728],q8_0[256,20480,4,1]nb[34,1088,272,22282240],q8_0[256,20480,4,1]nb[34,1088,272,22282240],f16[20480,3,1,1]):                 3835 runs -   267.53 us/run -    43784 kB/run - [1;34m 156.08 GB/s[0m
  FLASH_ATTN_EXT(name=fa_f16_kv20480_nb1,type=f32,ne=[256,24,1,1],op_params=[0:1031798784,3:10],sources=f32[256,1,24,1]nb[4,24576,1024,24576],f16[256,20480,4,1]nb[2,2048,512,41943040],f16[256,20480,4,1]nb[2,2048,512,41943040],f16[20480,1,1,1]):                    6970 runs -   144.51 us/run -    82008 kB/run - [1;34m 541.20 GB/s[0m
  FLASH_ATTN_EXT(name=fa_q8_kv51200_nb1,type=f32,ne=[256,24,1,1],op_params=[0:1031798784,3:10],sources=f32[256,1,24,1]nb[4,24576,1024,24576],q8_0[256,51200,4,1]nb[34,1088,272,55705600],q8_0[256,51200,4,1]nb[34,1088,272,55705600],f16[51200,1,1,1]):                 4312 runs -   240.57 us/run -   108948 kB/run - [1;34m 431.90 GB/s[0m
  FLASH_ATTN_EXT(name=fa_q8_kv51200_nb2,type=f32,ne=[256,24,2,1],op_params=[0:1031798784,3:10],sources=f32[256,2,24,1]nb[4,24576,1024,49152],q8_0[256,51200,4,1]nb[34,1088,272,55705600],q8_0[256,51200,4,1]nb[34,1088,272,55705600],f16[51200,2,1,1]):                 2464 runs -   430.44 us/run -   109096 kB/run - [1;34m 241.71 GB/s[0m
  FLASH_ATTN_EXT(name=fa_q8_kv51200_nb3,type=f32,ne=[256,24,3,1],op_params=[0:1031798784,3:10],sources=f32[256,3,24,1]nb[4,24576,1024,73728],q8_0[256,51200,4,1]nb[34,1088,272,55705600],q8_0[256,51200,4,1]nb[34,1088,272,55705600],f16[51200,3,1,1]):                 1540 runs -   661.68 us/run -   109244 kB/run - [1;34m 157.45 GB/s[0m
  FLASH_ATTN_EXT(name=fa_f16_kv51200_nb1,type=f32,ne=[256,24,1,1],op_params=[0:1031798784,3:10],sources=f32[256,1,24,1]nb[4,24576,1024,24576],f16[256,51200,4,1]nb[2,2048,512,104857600],f16[256,51200,4,1]nb[2,2048,512,104857600],f16[51200,1,1,1]):                  2952 runs -   347.18 us/run -   204948 kB/run - [1;34m 562.98 GB/s[0m
  FLASH_ATTN_EXT(name=fa_q8_kv102400_nb1,type=f32,ne=[256,24,1,1],op_params=[0:1031798784,3:10],sources=f32[256,1,24,1]nb[4,24576,1024,24576],q8_0[256,102400,4,1]nb[34,1088,272,111411200],q8_0[256,102400,4,1]nb[34,1088,272,111411200],f16[102400,1,1,1]):                   2170 runs -   465.93 us/run -   217848 kB/run - [1;34m 445.90 GB/s[0m
  FLASH_ATTN_EXT(name=fa_q8_kv102400_nb2,type=f32,ne=[256,24,2,1],op_params=[0:1031798784,3:10],sources=f32[256,2,24,1]nb[4,24576,1024,49152],q8_0[256,102400,4,1]nb[34,1088,272,111411200],q8_0[256,102400,4,1]nb[34,1088,272,111411200],f16[102400,2,1,1]):                   1232 runs -   856.29 us/run -   218096 kB/run - [1;34m 242.90 GB/s[0m
  FLASH_ATTN_EXT(name=fa_q8_kv102400_nb3,type=f32,ne=[256,24,3,1],op_params=[0:1031798784,3:10],sources=f32[256,3,24,1]nb[4,24576,1024,73728],q8_0[256,102400,4,1]nb[34,1088,272,111411200],q8_0[256,102400,4,1]nb[34,1088,272,111411200],f16[102400,3,1,1]):                    770 runs -  1327.39 us/run -   218344 kB/run - [1;34m 156.87 GB/s[0m
  FLASH_ATTN_EXT(name=fa_f16_kv102400_nb1,type=f32,ne=[256,24,1,1],op_params=[0:1031798784,3:10],sources=f32[256,1,24,1]nb[4,24576,1024,24576],f16[256,102400,4,1]nb[2,2048,512,209715200],f16[256,102400,4,1]nb[2,2048,512,209715200],f16[102400,1,1,1]):              1476 runs -   677.54 us/run -   409848 kB/run - [1;34m 576.88 GB/s[0m
  FLASH_ATTN_EXT(name=fa_q8_kv204800_nb1,type=f32,ne=[256,24,1,1],op_params=[0:1031798784,3:10],sources=f32[256,1,24,1]nb[4,24576,1024,24576],q8_0[256,204800,4,1]nb[34,1088,272,222822400],q8_0[256,204800,4,1]nb[34,1088,272,222822400],f16[204800,1,1,1]):                    780 runs -  1338.59 us/run -   435648 kB/run - [1;34m 310.38 GB/s[0m
  FLASH_ATTN_EXT(name=fa_q8_kv204800_nb2,type=f32,ne=[256,24,2,1],op_params=[0:1031798784,3:10],sources=f32[256,2,24,1]nb[4,24576,1024,49152],q8_0[256,204800,4,1]nb[34,1088,272,222822400],q8_0[256,204800,4,1]nb[34,1088,272,222822400],f16[204800,2,1,1]):                    616 runs -  1730.60 us/run -   436096 kB/run - [1;34m 240.32 GB/s[0m
  FLASH_ATTN_EXT(name=fa_q8_kv204800_nb3,type=f32,ne=[256,24,3,1],op_params=[0:1031798784,3:10],sources=f32[256,3,24,1]nb[4,24576,1024,73728],q8_0[256,204800,4,1]nb[34,1088,272,222822400],q8_0[256,204800,4,1]nb[34,1088,272,222822400],f16[204800,3,1,1]):                    385 runs -  2700.18 us/run -   436544 kB/run - [1;34m 154.18 GB/s[0m
  FLASH_ATTN_EXT(name=fa_f16_kv204800_nb1,type=f32,ne=[256,24,1,1],op_params=[0:1031798784,3:10],sources=f32[256,1,24,1]nb[4,24576,1024,24576],f16[256,204800,4,1]nb[2,2048,512,419430400],f16[256,204800,4,1]nb[2,2048,512,419430400],f16[204800,1,1,1]):               779 runs -  1346.94 us/run -   819648 kB/run - [1;34m 580.34 GB/s[0m
  Backend Vulkan1: [1;32mOK[0m
Backend 3/3: CPU
  Skipping
3/3 backends passed
[1;32mOK[0m
