ggml_cuda_init: found 1 ROCm devices (Total VRAM: 32624 MiB):
  Device 0: AMD Radeon Graphics, gfx1201 (0x1201), VMM: no, Wave Size: 32, VRAM: 32624 MiB
ggml_backend_cuda_graph_compute: CUDA graph warmup complete
Testing 2 devices

Backend 1/2: ROCm0
  Device description: AMD Radeon Graphics (gfx1201)
  Device memory: 32624 MB (31042 MB free)

  FLASH_ATTN_EXT(name=fa_q8_kv20480_nb1,type=f32,ne=[256,24,1,1],op_params=[0:1031798784,3:10],sources=f32[256,1,24,1]nb[4,24576,1024,24576],q8_0[256,20480,4,1]nb[34,1088,272,22282240],q8_0[256,20480,4,1]nb[34,1088,272,22282240],f16[20480,1,1,1]):                 3850 runs -   283.20 us/run -    43608 kB/run - [1;34m 146.85 GB/s[0m
  FLASH_ATTN_EXT(name=fa_q8_kv20480_nb2,type=f32,ne=[256,24,2,1],op_params=[0:1031798784,3:10],sources=f32[256,2,24,1]nb[4,24576,1024,49152],q8_0[256,20480,4,1]nb[34,1088,272,22282240],q8_0[256,20480,4,1]nb[34,1088,272,22282240],f16[20480,2,1,1]):                 3840 runs -   275.88 us/run -    43696 kB/run - [1;34m 151.05 GB/s[0m
  FLASH_ATTN_EXT(name=fa_q8_kv20480_nb3,type=f32,ne=[256,24,3,1],op_params=[0:1031798784,3:10],sources=f32[256,3,24,1]nb[4,24576,1024,73728],q8_0[256,20480,4,1]nb[34,1088,272,22282240],q8_0[256,20480,4,1]nb[34,1088,272,22282240],f16[20480,3,1,1]): ggml_backend_cuda_graph_compute: CUDA graph warmup complete
                3835 runs -   264.01 us/run -    43784 kB/run - [1;34m 158.16 GB/s[0m
  FLASH_ATTN_EXT(name=fa_f16_kv20480_nb1,type=f32,ne=[256,24,1,1],op_params=[0:1031798784,3:10],sources=f32[256,1,24,1]nb[4,24576,1024,24576],f16[256,20480,4,1]nb[2,2048,512,41943040],f16[256,20480,4,1]nb[2,2048,512,41943040],f16[20480,1,1,1]): ggml_backend_cuda_graph_compute: CUDA graph warmup complete
                   6970 runs -   148.81 us/run -    82008 kB/run - [1;34m 525.58 GB/s[0m
  FLASH_ATTN_EXT(name=fa_q8_kv51200_nb1,type=f32,ne=[256,24,1,1],op_params=[0:1031798784,3:10],sources=f32[256,1,24,1]nb[4,24576,1024,24576],q8_0[256,51200,4,1]nb[34,1088,272,55705600],q8_0[256,51200,4,1]nb[34,1088,272,55705600],f16[51200,1,1,1]):                 1540 runs -   677.78 us/run -   108948 kB/run - [1;34m 153.30 GB/s[0m
  FLASH_ATTN_EXT(name=fa_q8_kv51200_nb2,type=f32,ne=[256,24,2,1],op_params=[0:1031798784,3:10],sources=f32[256,2,24,1]nb[4,24576,1024,49152],q8_0[256,51200,4,1]nb[34,1088,272,55705600],q8_0[256,51200,4,1]nb[34,1088,272,55705600],f16[51200,2,1,1]):                 1540 runs -   674.29 us/run -   109096 kB/run - [1;34m 154.30 GB/s[0m
  FLASH_ATTN_EXT(name=fa_q8_kv51200_nb3,type=f32,ne=[256,24,3,1],op_params=[0:1031798784,3:10],sources=f32[256,3,24,1]nb[4,24576,1024,73728],q8_0[256,51200,4,1]nb[34,1088,272,55705600],q8_0[256,51200,4,1]nb[34,1088,272,55705600],f16[51200,3,1,1]): ggml_backend_cuda_graph_compute: CUDA graph warmup complete
                1540 runs -   680.25 us/run -   109244 kB/run - [1;34m 153.15 GB/s[0m
  FLASH_ATTN_EXT(name=fa_f16_kv51200_nb1,type=f32,ne=[256,24,1,1],op_params=[0:1031798784,3:10],sources=f32[256,1,24,1]nb[4,24576,1024,24576],f16[256,51200,4,1]nb[2,2048,512,104857600],f16[256,51200,4,1]nb[2,2048,512,104857600],f16[51200,1,1,1]): ggml_backend_cuda_graph_compute: CUDA graph warmup complete
                 2788 runs -   362.44 us/run -   204948 kB/run - [1;34m 539.28 GB/s[0m
  FLASH_ATTN_EXT(name=fa_q8_kv102400_nb1,type=f32,ne=[256,24,1,1],op_params=[0:1031798784,3:10],sources=f32[256,1,24,1]nb[4,24576,1024,24576],q8_0[256,102400,4,1]nb[34,1088,272,111411200],q8_0[256,102400,4,1]nb[34,1088,272,111411200],f16[102400,1,1,1]):                    775 runs -  1335.63 us/run -   217848 kB/run - [1;34m 155.55 GB/s[0m
  FLASH_ATTN_EXT(name=fa_q8_kv102400_nb2,type=f32,ne=[256,24,2,1],op_params=[0:1031798784,3:10],sources=f32[256,2,24,1]nb[4,24576,1024,49152],q8_0[256,102400,4,1]nb[34,1088,272,111411200],q8_0[256,102400,4,1]nb[34,1088,272,111411200],f16[102400,2,1,1]):                    770 runs -  1324.56 us/run -   218096 kB/run - [1;34m 157.03 GB/s[0m
  FLASH_ATTN_EXT(name=fa_q8_kv102400_nb3,type=f32,ne=[256,24,3,1],op_params=[0:1031798784,3:10],sources=f32[256,3,24,1]nb[4,24576,1024,73728],q8_0[256,102400,4,1]nb[34,1088,272,111411200],q8_0[256,102400,4,1]nb[34,1088,272,111411200],f16[102400,3,1,1]): ggml_backend_cuda_graph_compute: CUDA graph warmup complete
                   770 runs -  1332.69 us/run -   218344 kB/run - [1;34m 156.25 GB/s[0m
  FLASH_ATTN_EXT(name=fa_f16_kv102400_nb1,type=f32,ne=[256,24,1,1],op_params=[0:1031798784,3:10],sources=f32[256,1,24,1]nb[4,24576,1024,24576],f16[256,102400,4,1]nb[2,2048,512,209715200],f16[256,102400,4,1]nb[2,2048,512,209715200],f16[102400,1,1,1]): ggml_backend_cuda_graph_compute: CUDA graph warmup reset
ggml_backend_cuda_graph_compute: CUDA graph warmup complete
             1476 runs -   704.67 us/run -   409848 kB/run - [1;34m 554.67 GB/s[0m
  FLASH_ATTN_EXT(name=fa_q8_kv204800_nb1,type=f32,ne=[256,24,1,1],op_params=[0:1031798784,3:10],sources=f32[256,1,24,1]nb[4,24576,1024,24576],q8_0[256,204800,4,1]nb[34,1088,272,222822400],q8_0[256,204800,4,1]nb[34,1088,272,222822400],f16[204800,1,1,1]):                    390 runs -  2621.93 us/run -   435648 kB/run - [1;34m 158.46 GB/s[0m
  FLASH_ATTN_EXT(name=fa_q8_kv204800_nb2,type=f32,ne=[256,24,2,1],op_params=[0:1031798784,3:10],sources=f32[256,2,24,1]nb[4,24576,1024,49152],q8_0[256,204800,4,1]nb[34,1088,272,222822400],q8_0[256,204800,4,1]nb[34,1088,272,222822400],f16[204800,2,1,1]):                    385 runs -  2636.21 us/run -   436096 kB/run - [1;34m 157.76 GB/s[0m
  FLASH_ATTN_EXT(name=fa_q8_kv204800_nb3,type=f32,ne=[256,24,3,1],op_params=[0:1031798784,3:10],sources=f32[256,3,24,1]nb[4,24576,1024,73728],q8_0[256,204800,4,1]nb[34,1088,272,222822400],q8_0[256,204800,4,1]nb[34,1088,272,222822400],f16[204800,3,1,1]): ggml_backend_cuda_graph_compute: CUDA graph warmup complete
                   385 runs -  2631.74 us/run -   436544 kB/run - [1;34m 158.19 GB/s[0m
  FLASH_ATTN_EXT(name=fa_f16_kv204800_nb1,type=f32,ne=[256,24,1,1],op_params=[0:1031798784,3:10],sources=f32[256,1,24,1]nb[4,24576,1024,24576],f16[256,204800,4,1]nb[2,2048,512,419430400],f16[256,204800,4,1]nb[2,2048,512,419430400],f16[204800,1,1,1]):               738 runs -  1397.45 us/run -   819648 kB/run - [1;34m 559.36 GB/s[0m
  Backend ROCm0: [1;32mOK[0m
Backend 2/2: CPU
  Skipping
2/2 backends passed
[1;32mOK[0m
